---
source: src/syntax_highlight/overlay_tests/snapshot_tests.rs
expression: serialize_spans(&result)
---
- content: map
  fg: blue
  modifiers:
    - bold
- content: (
  fg: yellow
  modifiers:
    - bold
    - underlined
- content: "."
  fg: blue
  modifiers:
    - bold
- content: )
  fg: yellow
  modifiers:
    - bold
    - underlined
