---
source: src/syntax_highlight/overlay_tests/snapshot_tests.rs
expression: serialize_spans(&result)
---
- content: "{"
  fg: yellow
  modifiers:
    - bold
    - underlined
- content: name
  fg: cyan
- content: ": "
- content: ".x"
  fg: cyan
- content: ", "
- content: coun
  fg: cyan
- content: t
  fg: yellow
  modifiers:
    - bold
    - underlined
- content: ": "
- content: ".y"
  fg: cyan
- content: "}"
  fg: magenta
