---
source: src/syntax_highlight/overlay_tests/snapshot_tests.rs
expression: serialize_spans(&result)
---
- content: ".items"
  fg: cyan
- content: "["
  fg: yellow
  modifiers:
    - bold
    - underlined
- content: "0"
  fg: cyan
- content: "]"
  fg: magenta
- content: "["
  fg: magenta
- content: "1"
  fg: yellow
  modifiers:
    - bold
    - underlined
- content: "]"
  fg: magenta
