---
source: src/app/render.rs
expression: output
---
"┌ ⚠ Syntax Error (last successful query result) ───────────────────────────────┐"
"│{                                                                             │"
"│  "test": true                                                                │"
"│}                                                                             │"
"│                                                                              │"
"│                                                                              │"
"│                                                                              │"
"│                                                                              │"
"│                                                                              │"
"│                                                                              │"
"│                                                                              │"
"│                                                                              │"
"│                                                                              │"
"│ ┌ Syntax Error (Ctrl+E to close) ──────────────────────────────────────────┐ │"
"│ │jq: error: syntax error, unexpected end of file at <top-level>, line 1, co│ │"
"│ │    .invalid[                                                             │ │"
"│ │            ^                                                             │ │"
"│ │jq: 1 compile error                                                       │ │"
"│ └──────────────────────────────────────────────────────────────────────────┘ │"
"└──────────────────────────────────────────────────────────────────────────────┘"
"┌ Query [INSERT] ⚠ Syntax Error (Ctrl+E to view)───────────────────────────────┐"
"│.invalid[                                                                     │"
"└──────────────────────────────────────────────────────────────────────────────┘"
" F1: Help | Shift+Tab: Switch Pane | ↑/Ctrl+R: History | Enter: Output Result | "
