---
source: src/app/render.rs
expression: output
---
"┌ Stream [3] ──────────────────────────────────────────────────────────────────┐"
"│"Alice"                                                                       │"
"│"Bob"                                                                         │"
"│"Charlie"                                                                     │"
"│                                                                              │"
"│                                                                              │"
"│                                                                              │"
"│                                                                              │"
"│                                                                              │"
"│                                                                              │"
"│                                                                              │"
"│                                                                              │"
"│                                                                              │"
"│                                                                              │"
"│                                                                              │"
"│                                                                              │"
"│                                                                              │"
"│                                                                              │"
"│                                                                              │"
"└──────────────────────────────────────────────────────────────────────────────┘"
"┌ Query [INSERT] ──────────────────────────────────────────────────────────────┐"
"│.[].name                                                                      │"
"└──────────────────────────────────────────────────────────────────────────────┘"
" F1: Help | Shift+Tab: Switch Pane | ↑/Ctrl+R: History | Enter: Output Result | "
