---
source: src/app/render.rs
expression: output
---
"┌ Results ─────────────────────────────────────────────────────────────────────┐"
"│{                                                                             │"
"│  "name": "Alice",                                                            │"
"│  "age": 30                                                                   │"
"│}                                                                             │"
"│                                                                              │"
"│                                                                              │"
"│                                                                              │"
"│                                                                              │"
"│                                                                              │"
"│                                                                              │"
"│                                                                              │"
"│                                                                              │"
"│                                                                              │"
"│                                                                              │"
"│ ┌ Suggestions ───────────────┐                                               │"
"│ │► select(expr)   [function] │                                               │"
"│ │  sort           [function] │                                               │"
"│ │  sort_by(expr)  [function] │                                               │"
"└─└────────────────────────────┘───────────────────────────────────────────────┘"
"┌ Query [INSERT] ──────────────────────────────────────────────────────────────┐"
"│                                                                              │"
"└──────────────────────────────────────────────────────────────────────────────┘"
" F1: Help | Shift+Tab: Switch Pane | Ctrl+P/N: Cycle History | ↑/Ctrl+R: History"
