---
source: src/app/app_render.rs
expression: output
---
"┌ Array [3 objects] ───────────────────────────────────────────────────────────┐"
"│[                                                                             │"
"│  {                                                                           │"
"│    "id": 1                                                                   │"
"│  },                                                                          │"
"│  {                                                                           │"
"│    "id": 2                                                                   │"
"│  },                                                                          │"
"│  {                                                                           │"
"│    "id": 3                                                                   │"
"│  }                                                                           │"
"│]                                                                             │"
"│                                                                              │"
"│                                                                              │"
"│                                                                              │"
"│                                                                              │"
"│                                                                              │"
"│                                                                              │"
"│                                                                              │"
"└──────────────────────────────────────────────────────────────────────────────┘"
"┌ Query [INSERT] ─────────────────────────────── Press Ctrl+A for AI Assistant ┐"
"│                                                                              │"
"└──────────────────────────────────────────────────────────────────────────────┘"
" F1/?: Help | Shift+Tab: Switch Pane | Enter: Output Result | Ctrl+Q: Output Que"
