---
source: src/app/app_render.rs
expression: output
---
"┌ Object ──────────────────────────────────────────────────────────────────────┐"
"│{                                                                             │"
"│  "test": true                                                                │"
"│}                                                                             │"
"│                                                                              │"
"│                                                                              │"
"│                                                                              │"
"│                                                                              │"
"│                                                                              │"
"│                                                                              │"
"│                                                                              │"
"│                                                                              │"
"┌ History (3/3) ───────────────────────────────────────────────────────────────┐"
"│   .name                                                                      │"
"│   .age                                                                       │"
"│ ► .users[]                                                                   │"
"└──────────────────────────────────────────────────────────────────────────────┘"
"┌ Search ──────────────────────────────────────────────────────────────────────┐"
"│                                                                              │"
"└──────────────────────────────────────────────────────────────────────────────┘"
"┌ Query [INSERT] ─────────────────────────────── Press Ctrl+A for AI Assistant ┐"
"│                                                                              │"
"└──────────────────────────────────────────────────────────────────────────────┘"
" F1: Help | Shift+Tab: Switch Pane | Ctrl+P/N: Cycle History | ↑/Ctrl+R: History"
