---
source: src/app/app_render.rs
expression: output
---
"┌ Object ──────────────────────────────────────────────────────────────────────────────────────────────────────────────┐"
"│{                                                                                                                     │"
"│  "name": "Alice"                                                                                                     │"
"│}                                                                                                                     │"
"│                                                                                                                      │"
"│                                                                                                                      │"
"│                                                                                                                      │"
"│                                                                                                                      │"
"│                                                                                                                      │"
"│                                                                                                                      │"
"│                                                                                                                      │"
"│                                                                                                                      │"
"│                                                                                                                      │"
"│                                                                                                                      │"
"│                                                                                                                      │"
"│                                                                                                                      │"
"│                                                                                                                      │"
"│                                                                                                                      │"
"│                                                                                                                      │"
"│                                                                                                                      │"
"│                                                                                                                      │"
"│                                                                                                                      │"
"│                                                                                                                      │"
"│                                                                                                                      │"
"│                                                                                                                      │"
"└──────────────────────────────────────────────────────────────────────────────────────────────────────────────────────┘"
"┌ Query [INSERT] ─────────────────────────────────────────────────────────────────────── Press Ctrl+A for AI Assistant ┐"
"│                                                                                                                      │"
"└──────────────────────────────────────────────────────────────────────────────────────────────────────────────────────┘"
" F1: Help | Shift+Tab: Switch Pane | Ctrl+P/N: Cycle History | ↑/Ctrl+R: History                                        "
