---
source: src/app/render.rs
expression: output
---
"┌ ⚠ Syntax Error (Array [5 numbers] - last successful query result) ───────────┐"
"│[                                                                             │"
"│  1,                                                                          │"
"│  2,                                                                          │"
"│  3,                                                                          │"
"│  4,                                                                          │"
"│  5                                                                           │"
"│]                                                                             │"
"│                                                                              │"
"│                                                                              │"
"│                                                                              │"
"│                                                                              │"
"│                                                                              │"
"│                                                                              │"
"│                                                                              │"
"│                                                                              │"
"│                                                                              │"
"│                                                                              │"
"│                                                                              │"
"└──────────────────────────────────────────────────────────────────────────────┘"
"┌ Query [INSERT] ⚠ Syntax Error (Ctrl+E to view)───────────────────────────────┐"
"│.invalid[                                                                     │"
"└──────────────────────────────────────────────────────────────────────────────┘"
" F1: Help | Shift+Tab: Switch Pane | ↑/Ctrl+R: History | Enter: Output Result | "
