---
source: src/app/app_render.rs
expression: output
---
"┌ Stream [3] ──────────────────────────────────────────────────────────────────┐"
"│"Alice"                                                                       │"
"│"Bob"                                                                         │"
"│"Charlie"                                                                     │"
"│                                                                              │"
"│                                                                              │"
"│                                                                              │"
"│                                                                              │"
"│                                                                              │"
"│                                                                              │"
"│                                                                              │"
"│                                                                              │"
"│                                                                              │"
"│                                                                              │"
"│                                                                              │"
"│                                                                              │"
"│                                                                              │"
"│                                                                              │"
"│                                                                              │"
"└──────────────────────────────────────────────────────────────────────────────┘"
"┌ Query [INSERT] ─────────────────────────────── Press Ctrl+A for AI Assistant ┐"
"│.[].name                                                                      │"
"└──────────────────────────────────────────────────────────────────────────────┘"
" F1: Help | Shift+Tab: Switch Pane | ↑/Ctrl+R: History | Enter: Output Result | "
