---
source: src/app/render.rs
expression: output
---
"┌ Results ─────────────────────────────────────────────────────────────────────┐"
"│{                                                                             │"
"│  "test": true                                                                │"
"│}                                                                             │"
"│                                                                              │"
"│                                                                              │"
"│                                                                              │"
"│                                                                              │"
"│                                                                              │"
"│                                                                              │"
"│                                                                              │"
"│                                                                              │"
"│                                                                              │"
"│                                                                              │"
"│                                                                              │"
"│                                                                              │"
"│                                                                              │"
"│                                                                              │"
"│                                                                              │"
"└──────────────────────────────────────────────────────────────────────────────┘"
"┌ Query [INSERT] ──────────────────────────────────────────────────────────────┐"
"│                                                                              │"
"└──────────────────────────────────────────────────────────────────────────────┘"
" F1: Help | Shift+Tab: Switch Pane | Ctrl+P/N: Cycle History | ↑/Ctrl+R: History"
