---
source: src/app/app_render.rs
expression: output
---
"┌ Object ──────────────────────────────────────────────────────────────────────┐"
"│{                                                                             │"
"│  "name": "Alice",                                                            │"
"│  "age": 30                                                                   │"
"│}                                                                             │"
"│                                                                              │"
"│                                                                              │"
"│                                                                              │"
"│                                                                              │"
"│                                                                              │"
"│                                                                              │"
"│                                                                              │"
"│                                                                              │"
"│                                                                              │"
"│                                                                              │"
"│                                                                              │"
"│                                                                              │"
"│                                                                              │"
"│                                                                              │"
"└──────────────────────────────────────────────────────────────────────────────┘"
"┌ Query [INSERT] ────────────────────────────────────────── Ctrl+T for tooltip ┐"
"│                                                                              │"
"└──────────────────────────────────────────────────────────────────────────────┘"
" F1: Help | Shift+Tab: Switch Pane | Ctrl+P/N: Cycle History | ↑/Ctrl+R: History"
