---
source: src/app/render.rs
expression: output
---
"┌ String ──────────────────────────────────────────────────────────────────────┐"
"│"Alice"                                                                       │"
"│                                                                              │"
"│                                                                              │"
"│                                                                              │"
"│                                                                              │"
"│                                                                              │"
"│                                                                              │"
"│                                                                              │"
"│                                                                              │"
"│                                                                              │"
"│                                                                              │"
"│                                                                              │"
"│                                                                              │"
"│                                                                              │"
"│                                                                              │"
"│                                                                              │"
"│                                                                              │"
"│                                                                              │"
"└──────────────────────────────────────────────────────────────────────────────┘"
"┌ Query [INSERT] ──────────────────────────────────────────────────────────────┐"
"│.name                                                                         │"
"└──────────────────────────────────────────────────────────────────────────────┘"
" F1: Help | Shift+Tab: Switch Pane | ↑/Ctrl+R: History | Enter: Output Result | "
