---
source: src/app/render.rs
expression: output
---
"┌ Object ──────────────────────────────────────────────────────────────────────┐"
"│{                                                                             │"
"│  "name": "Alice",                                                            │"
"│  "age": 30                                                                   │"
"│}                                                                             │"
"│                                                                              │"
"│                                                                              │"
"│                                                                              │"
"│                                                                              │"
"│                                                                              │"
"│                                                                              │"
"│                                                                              │"
"│                                                                              │"
"│                                                                              │"
"│                                                                              │"
"│ ┌ Suggestions ───────────┐                                                   │"
"│ │► keys  [function]      │                                                   │"
"│ │  name  [field: String] │                                                   │"
"│ │  .[]   [iterator]      │                                                   │"
"└─└────────────────────────┘───────────────────────────────────────────────────┘"
"┌ Query [INSERT] ──────────────────────────────────────────────────────────────┐"
"│                                                                              │"
"└──────────────────────────────────────────────────────────────────────────────┘"
" F1: Help | Shift+Tab: Switch Pane | Ctrl+P/N: Cycle History | ↑/Ctrl+R: History"
