---
source: src/ai/ai_render_tests/spacing_tests.rs
expression: output
---
"                                                                                                    "
"                                                                                                    "
"                                                                                                    "
"                                                                                                    "
"                                                                                                    "
"                                                                                                    "
"                                                                                                    "
"                                                                                                    "
"                                                                                                    "
"                                                                                                    "
"                                                                                                    "
"                                                                                                    "
"                                                                                                    "
"                                                                                                    "
"                                                                                                    "
"                                                                                                    "
"                                                       ┌ Anthropic ────── (1/3) claude-3-5-son... ┐ "
"                                                       │1. [Fix] .short                           █ "
"                                                       │   Short                                  █ "
"                                                       │                                          █ "
"                                                       │2. [Next] .users[] | select(.active ==    █ "
"                                                       │          true and .age > 18)             █ "
"                                                       │   This is a much longer description that █ "
"                                                       │   wraps across multiple lines to test    ║ "
"                                                       │   spacing consistency                    ║ "
"                                                       └1-5 or Alt+↑↓+Enter to apply | Ctrl+A to c┘ "
"                                                                                                    "
"                                                                                                    "
"                                                                                                    "
"                                                                                                    "
