---
source: src/ai/ai_render_tests/model_name_tests.rs
expression: output
---
"                                                                                "
"                                                                                "
"                                                                                "
"                                                                                "
"                                                                                "
"                                                                                "
"                                                                                "
"                                                                                "
"                                                                                "
"                                                                                "
"                                                                                "
"                                                                                "
"                                                                                "
"                                                                                "
"                                                                                "
"                                                                                "
"                                       ╭ Bedrock ───────── anthropic.claud... ╮ "
"                                       │Test response                         │ "
"                                       │                                      │ "
"                                       │                                      │ "
"                                       │                                      │ "
"                                       │                                      │ "
"                                       │                                      │ "
"                                       │                                      │ "
"                                       │                                      │ "
"                                       ╰────────── Ctrl+A to close ───────────╯ "
"                                                                                "
"                                                                                "
"                                                                                "
"                                                                                "
