---
source: src/ai/ai_render_tests/spacing_tests.rs
expression: output
---
"                                                                                                    "
"                                                                                                    "
"                                                                                                    "
"                                                                                                    "
"                                                                                                    "
"                                                                                                    "
"                                                                                                    "
"                                                                                                    "
"                                                                                                    "
"                                                                                                    "
"                                                                                                    "
"                                                                                                    "
"                                                                                                    "
"                                                                                                    "
"                                                                                                    "
"                                                                                                    "
"                                                       ╭ Anthropic ────── (1/2) claude-3-5-son... ╮ "
"                                                       │                                          │ "
"                                                       │ 1. [Fix] .first                          │ "
"                                                       │    First                                 │ "
"                                                       │                                          │ "
"                                                       │ 2. [Next] .last                          │ "
"                                                       │    Last suggestion should have no        │ "
"                                                       │    spacing after it                      │ "
"                                                       │                                          │ "
"                                                       ╰ • Alt+↑↓ Select • Enter Apply Selection •╯ "
"                                                                                                    "
"                                                                                                    "
"                                                                                                    "
"                                                                                                    "
