---
source: src/ai/ai_render_tests/model_name_tests.rs
expression: output
---
"                                                                                                    "
"                                                                                                    "
"                                                                                                    "
"                                                                                                    "
"                                                                                                    "
"                                                                                                    "
"                                                                                                    "
"                                                                                                    "
"                                                                                                    "
"                                                                                                    "
"                                                                                                    "
"                                                                                                    "
"                                                                                                    "
"                                                                                                    "
"                                                                                                    "
"                                                                                                    "
"                                                       ╭ Anthropic ───────── claude-3-5-sonnet... ╮ "
"                                                       │                                          │ "
"                                                       │ Test response                            │ "
"                                                       │                                          │ "
"                                                       │                                          │ "
"                                                       │                                          │ "
"                                                       │                                          │ "
"                                                       │                                          │ "
"                                                       │                                          │ "
"                                                       ╰────────────── Ctrl+A Close ──────────────╯ "
"                                                                                                    "
"                                                                                                    "
"                                                                                                    "
"                                                                                                    "
