---
source: src/ai/ai_render_tests/snapshot_tests.rs
expression: output
---
"                                                                                                    "
"                                                                                                    "
"                                                                                                    "
"                                                                                                    "
"                                                                                                    "
"                                                                                                    "
"                                                                                                    "
"                                                                                                    "
"                                                                                                    "
"                                                                                                    "
"                                                                                                    "
"                                                                                                    "
"                                                                                                    "
"                                                                                                    "
"                                                                                                    "
"                                                                                                    "
"                                                       ╭ Anthropic ────── (1/7) claude-3-5-son... ╮ "
"                                                       │                                          █ "
"                                                       │ 1. [Fix] .users[0]                       █ "
"                                                       │    First user                            ║ "
"                                                       │                                          ║ "
"                                                       │ 2. [Next] .users[1]                      ║ "
"                                                       │    Second user                           ║ "
"                                                       │                                          ║ "
"                                                       │                                          ║ "
"                                                       ╰ • Alt+↑↓ Select • Enter Apply Selection •╯ "
"                                                                                                    "
"                                                                                                    "
"                                                                                                    "
"                                                                                                    "
