---
source: src/ai/ai_render_tests/widget_selection_tests.rs
expression: output
---
"                                                                                                    "
"                                                                                                    "
"                                                                                                    "
"                                                                                                    "
"                                                                                                    "
"                                                                                                    "
"                                                                                                    "
"                                                                                                    "
"                                                                                                    "
"                                                                                                    "
"                                                                                                    "
"                                                                                                    "
"                                                                                                    "
"                                                                                                    "
"                                                                                                    "
"                                                                                                    "
"                                                       ╭ Anthropic ────── (1/3) claude-3-5-son... ╮ "
"                                                       │1. [Fix] .users[] | select(.active)       │ "
"                                                       │   Filters to only active users           │ "
"                                                       │                                          │ "
"                                                       │2. [Next] .items[] | .price               │ "
"                                                       │   Extract prices                         │ "
"                                                       │                                          │ "
"                                                       │3. [Optimize] .data | length              │ "
"                                                       │   Count items                            │ "
"                                                       ╰1-5 or Alt+↑↓+Enter to apply | Ctrl+A to c╯ "
"                                                                                                    "
"                                                                                                    "
"                                                                                                    "
"                                                                                                    "
