---
source: src/ai/ai_render_tests/snapshot_tests.rs
expression: output
---
"                                                                                                    "
"                                                                                                    "
"                                                                                                    "
"                                                                                                    "
"                                                                                                    "
"                                                                                                    "
"                                                                                                    "
"                                                                                                    "
"                                                                                                    "
"                                                                                                    "
"                                                                                                    "
"                                                                                                    "
"                                                                                                    "
"                                                                                                    "
"                                                                                                    "
"                                                                                                    "
"                                                       ┌ Anthropic ───────── claude-3-5-sonnet... ┐ "
"                                                       │⚙ AI provider not configured              │ "
"                                                       │                                          │ "
"                                                       │To enable AI assistance, configure a      │ "
"                                                       │provider                                  │ "
"                                                       │in ~/.config/jiq/config.toml:             │ "
"                                                       │                                          │ "
"                                                       │[ai]                                      │ "
"                                                       │enabled = true                            │ "
"                                                       └──────────── Ctrl+A to close ─────────────┘ "
"                                                                                                    "
"                                                                                                    "
"                                                                                                    "
"                                                                                                    "
