---
source: src/ai/ai_render_tests/spacing_tests.rs
expression: output
---
"                                                                                                    "
"                                                                                                    "
"                                                                                                    "
"                                                                                                    "
"                                                                                                    "
"                                                                                                    "
"                                                                                                    "
"                                                                                                    "
"                                                                                                    "
"                                                                                                    "
"                                                                                                    "
"                                                                                                    "
"                                                                                                    "
"                                                                                                    "
"                                                                                                    "
"                                                                                                    "
"                                                       ╭ Anthropic ────── (1/5) claude-3-5-son... ╮ "
"                                                       │1. [Fix] .suggestion1                     █ "
"                                                       │   Description 1                          █ "
"                                                       │                                          █ "
"                                                       │2. [Next] .suggestion2                    █ "
"                                                       │   Description 2                          █ "
"                                                       │                                          ║ "
"                                                       │3. [Optimize] .suggestion3                ║ "
"                                                       │   Description 3                          ║ "
"                                                       ╰ • Alt+↑↓ Select [Enter] Apply Selection •╯ "
"                                                                                                    "
"                                                                                                    "
"                                                                                                    "
"                                                                                                    "
