---
source: src/ai/ai_render_tests/spacing_tests.rs
expression: output
---
"                                                                                                    "
"                                                                                                    "
"                                                                                                    "
"                                                                                                    "
"                                                                                                    "
"                                                                                                    "
"                                                                                                    "
"                                                                                                    "
"                                                                                                    "
"                                                                                                    "
"                                                                                                    "
"                                                                                                    "
"                                                                                                    "
"                                                                                                    "
"                                                                                                    "
"                                                                                                    "
"                                                       ╭ Anthropic ────── (3/3) claude-3-5-son... ╮ "
"                                                       │                                          ║ "
"                                                       │                                          ║ "
"                                                       │ 2. [Next] .second                        █ "
"                                                       │    Second suggestion                     █ "
"                                                       │                                          █ "
"                                                       │ 3. [Optimize] .third                     █ "
"                                                       │    Third suggestion                      █ "
"                                                       │                                          █ "
"                                                       ╰ • Alt+↑↓ Select • Enter Apply Selection •╯ "
"                                                                                                    "
"                                                                                                    "
"                                                                                                    "
"                                                                                                    "
