---
source: src/ai/ai_render_tests/snapshot_tests.rs
expression: output
---
"                                                                                                    "
"                                                                                                    "
"                                                                                                    "
"                                                                                                    "
"                                                                                                    "
"                                                                                                    "
"                                                                                                    "
"                                                                                                    "
"                                                                                                    "
"                                                                                                    "
"                                                                                                    "
"                                                                                                    "
"                                                                                                    "
"                                                                                                    "
"                                                                                                    "
"                                                                                                    "
"                                                       ╭ OpenAI ───────────────────── gpt-4o-mini ╮ "
"                                                       │This is a response from OpenAI provider   │ "
"                                                       │                                          │ "
"                                                       │                                          │ "
"                                                       │                                          │ "
"                                                       │                                          │ "
"                                                       │                                          │ "
"                                                       │                                          │ "
"                                                       │                                          │ "
"                                                       ╰──────────── Ctrl+A to close ─────────────╯ "
"                                                                                                    "
"                                                                                                    "
"                                                                                                    "
"                                                                                                    "
