---
source: src/ai/ai_render_tests/snapshot_tests.rs
expression: output
---
"                                                                                                    "
"                                                                                                    "
"                                                                                                    "
"                                                                                                    "
"                                                                                                    "
"                                                                                                    "
"                                                                                                    "
"                                                                                                    "
"                                                                                                    "
"                                                                                                    "
"                                                                                                    "
"                                                                                                    "
"                                                                                                    "
"                                                                                                    "
"                                                                                                    "
"                                                                                                    "
"                                                       ┌ AI Assistant ─────────── Ctrl+A to close ┐ "
"                                                       │                                          │ "
"                                                       │                                          │ "
"                                                       │                                          │ "
"                                                       │                                          │ "
"                                                       │                                          │ "
"                                                       │                                          │ "
"                                                       │                                          │ "
"                                                       │                                          │ "
"                                                       └──────────────────────────────────────────┘ "
"                                                                                                    "
"                                                                                                    "
"                                                                                                    "
"                                                                                                    "
