---
source: src/ai/ai_render_tests/snapshot_tests.rs
expression: output
---
"                                                                                                    "
"                                                                                                    "
"                                                                                                    "
"                                                                                                    "
"                                                                                                    "
"                                                                                                    "
"                                                                                                    "
"                                                                                                    "
"                                                                                                    "
"                                                                                                    "
"                                                                                                    "
"                                                                                                    "
"                                                                                                    "
"                                                                                                    "
"                                                                                                    "
"                                                                                                    "
"                                                       ┌ Anthropic ────── (7/7) claude-3-5-son... ┐ "
"                                                       │5. [Next] .users[4]                       ║ "
"                                                       │   Fifth user                             ║ "
"                                                       │                                          ║ "
"                                                       │[Optimize] .users[5]                      ║ "
"                                                       │   Sixth user                             ║ "
"                                                       │                                          █ "
"                                                       │[Fix] .users[6]                           █ "
"                                                       │   Seventh user                           █ "
"                                                       └1-5 or Alt+↑↓+Enter to apply | Ctrl+A to c┘ "
"                                                                                                    "
"                                                                                                    "
"                                                                                                    "
"                                                                                                    "
