---
source: src/ai/ai_render_tests/snapshot_tests.rs
expression: output
---
"                                                                                                    "
"                                                                                                    "
"                                                                                                    "
"                                                                                                    "
"                                                                                                    "
"                                                                                                    "
"                                                                                                    "
"                                                                                                    "
"                                                                                                    "
"                                                                                                    "
"                                                                                                    "
"                                                                                                    "
"                                                                                                    "
"                                                                                                    "
"                                                                                                    "
"                                                                                                    "
"                                                       ╭ Anthropic ────── (2/3) claude-3-5-son... ╮ "
"                                                       │                                          █ "
"                                                       │ 1. [Fix] .users[] | select(.active)      █ "
"                                                       │    Filters to only active users          █ "
"                                                       │                                          █ "
"                                                       │ 2. [Next] .users[] | .email              █ "
"                                                       │    Extracts email addresses              █ "
"                                                       │                                          ║ "
"                                                       │                                          ║ "
"                                                       ╰ • Alt+↑↓ Select • Enter Apply Selection •╯ "
"                                                                                                    "
"                                                                                                    "
"                                                                                                    "
"                                                                                                    "
