---
source: src/ai/ai_render_tests/snapshot_tests.rs
expression: output
---
"                                                                                                    "
"                                                                                                    "
"                                                                                                    "
"                                                                                                    "
"                                                                                                    "
"                                                                                                    "
"                                                                                                    "
"                                                                                                    "
"                                                                                                    "
"                                                                                                    "
"                                                                                                    "
"                                                                                                    "
"                                                                                                    "
"                                                                                                    "
"                                                                                                    "
"                                                                                                    "
"                                                       ╭ Anthropic ────── (3/7) claude-3-5-son... ╮ "
"                                                       │   First user                             █ "
"                                                       │                                          █ "
"                                                       │2. [Next] .users[1]                       █ "
"                                                       │   Second user                            █ "
"                                                       │                                          ║ "
"                                                       │3. [Optimize] .users[2]                   ║ "
"                                                       │   Third user                             ║ "
"                                                       │                                          ║ "
"                                                       ╰1-5 or Alt+↑↓+Enter to apply | Ctrl+A to c╯ "
"                                                                                                    "
"                                                                                                    "
"                                                                                                    "
"                                                                                                    "
