---
source: src/ai/ai_render_tests/widget_selection_tests.rs
expression: output
---
"                                                                                                    "
"                                                                                                    "
"                                                                                                    "
"                                                                                                    "
"                                                                                                    "
"                                                                                                    "
"                                                                                                    "
"                                                                                                    "
"                                                                                                    "
"                                                                                                    "
"                                                                                                    "
"                                                                                                    "
"                                                                                                    "
"                                                                                                    "
"                                                                                                    "
"                                                                                                    "
"                                                                                                    "
"                                                       ╭ Anthropic ────── (2/2) claude-3-5-son... ╮ "
"                                                       │1. [Fix] .first                           │ "
"                                                       │   First                                  │ "
"                                                       │                                          │ "
"                                                       │2. [Next] .second                         │ "
"                                                       │   Second                                 │ "
"                                                       │                                          │ "
"                                                       │                                          │ "
"                                                       ╰ • Alt+↑↓ Select [Enter] Apply Selection •╯ "
"                                                                                                    "
"                                                                                                    "
"                                                                                                    "
"                                                                                                    "
