---
source: src/ai/ai_render_tests/widget_selection_tests.rs
expression: output
---
"                                                                                                    "
"                                                                                                    "
"                                                                                                    "
"                                                                                                    "
"                                                                                                    "
"                                                                                                    "
"                                                                                                    "
"                                                                                                    "
"                                                                                                    "
"                                                                                                    "
"                                                                                                    "
"                                                                                                    "
"                                                                                                    "
"                                                                                                    "
"                                                                                                    "
"                                                                                                    "
"                                                                                                    "
"                                                                                                    "
"                                                                                                    "
"                                                                                                    "
"                                                       ╭ Anthropic ───────── claude-3-5-sonnet... ╮ "
"                                                       │1. [Fix] .users[] | select(.active)       │ "
"                                                       │   Filters to only active users           │ "
"                                                       │                                          │ "
"                                                       │                                          │ "
"                                                       ╰1-5 or Alt+↑↓+Enter to apply | Ctrl+A to c╯ "
"                                                                                                    "
"                                                                                                    "
"                                                                                                    "
"                                                                                                    "
