---
source: src/ai/ai_render_tests/spacing_tests.rs
expression: output
---
"                                                                                                    "
"                                                                                                    "
"                                                                                                    "
"                                                                                                    "
"                                                                                                    "
"                                                                                                    "
"                                                                                                    "
"                                                                                                    "
"                                                                                                    "
"                                                                                                    "
"                                                                                                    "
"                                                                                                    "
"                                                                                                    "
"                                                                                                    "
"                                                                                                    "
"                                                                                                    "
"                                                                                                    "
"                                                       ╭ Anthropic ────── (1/2) claude-3-5-son... ╮ "
"                                                       │1. [Fix] .first                           │ "
"                                                       │   First suggestion                       │ "
"                                                       │                                          │ "
"                                                       │2. [Next] .second                         │ "
"                                                       │   Second suggestion                      │ "
"                                                       │                                          │ "
"                                                       │                                          │ "
"                                                       ╰1-5 or Alt+↑↓+Enter to apply | Ctrl+A to c╯ "
"                                                                                                    "
"                                                                                                    "
"                                                                                                    "
"                                                                                                    "
