---
source: src/ai/ai_render.rs
expression: output
---
"                                                                                                    "
"                                                                                                    "
"                                                                                                    "
"                                                                                                    "
"                                                                                                    "
"                                                                                                    "
"                                                                                                    "
"                                                                                                    "
"                                                                                                    "
"                                                                                                    "
"                                                                                                    "
"                                                                                                    "
"                                                                                                    "
"                                                                                                    "
"                                                                                                    "
"                                                                                                    "
"                                                       ┌ AI Assistant ─────────── Ctrl+A to close ┐ "
"                                                       │⚙ Setup Required                          │ "
"                                                       │                                          │ "
"                                                       │To enable AI assistance, add this         │ "
"                                                       │to ~/.config/jiq/config.toml:             │ "
"                                                       │                                          │ "
"                                                       │[ai]                                      │ "
"                                                       │enabled = true                            │ "
"                                                       │                                          │ "
"                                                       └──────────────────────────────────────────┘ "
"                                                                                                    "
"                                                                                                    "
"                                                                                                    "
"                                                                                                    "
