---
source: src/ai/ai_render.rs
expression: output
---
"                                                                                                    "
"                                                                                                    "
"                                                                                                    "
"                                                                                                    "
"                                                                                                    "
"                                                                                                    "
"                                                                                                    "
"                                                                                                    "
"                                                                                                    "
"                                                                                                    "
"                                                                                                    "
"                                                                                                    "
"                                                                                                    "
"                                                                                                    "
"                                                                                                    "
"                                                                                                    "
"                                                       ┌ AI Assistant ─────────── Ctrl+A to close ┐ "
"                                                       │Previous suggestion: Use .foo instead of  │ "
"                                                       │.bar                                      │ "
"                                                       │                                          │ "
"                                                       │⏳ Thinking...                            │ " Hidden by multi-width symbols: [(57, " ")]
"                                                       │                                          │ "
"                                                       │                                          │ "
"                                                       │                                          │ "
"                                                       │                                          │ "
"                                                       └──────────────────────────────────────────┘ "
"                                                                                                    "
"                                                                                                    "
"                                                                                                    "
"                                                                                                    "
