---
source: src/ai/ai_render.rs
expression: output
---
"                                                                                                    "
"                                                                                                    "
"                                                                                                    "
"                                                                                                    "
"                                                                                                    "
"                                                 ┌ AI Assistant ───────────────── Ctrl+A to close ┐ "
"                                                 │⚠ Error                                         │ "
"                                                 │                                                │ "
"                                                 │API Error: Rate limit exceeded. Please try      │ "
"                                                 │again later.                                    │ "
"                                                 │                                                │ "
"                                                 │                                                │ "
"                                                 │                                                │ "
"                                                 │                                                │ "
"                                                 │                                                │ "
"                                                 │                                                │ "
"                                                 │                                                │ "
"                                                 │                                                │ "
"                                                 │                                                │ "
"                                                 │                                                │ "
"                                                 │                                                │ "
"                                                 │                                                │ "
"                                                 │                                                │ "
"                                                 │                                                │ "
"                                                 └────────────────────────────────────────────────┘ "
"                                                                                                    "
"                                                                                                    "
"                                                                                                    "
"                                                                                                    "
"                                                                                                    "
