---
source: src/ai/ai_render.rs
expression: output
---
"                                                                                                    "
"                                                                                                    "
"                                                                                                    "
"                                                                                                    "
"                                                                                                    "
"                                                                                                    "
"                                                                                                    "
"                                                                                                    "
"                                                                                                    "
"                                                                                                    "
"                                                                                                    "
"                                                                                                    "
"                                                                                                    "
"                                                                                                    "
"                                                                                                    "
"                                                                                                    "
"                                                       ┌ AI Assistant ─────────── Ctrl+A to close ┐ "
"                                                       │1. [Fix] .users[] | select(.active)       │ "
"                                                       │   Filters to only active users           │ "
"                                                       │                                          │ "
"                                                       │2. [Next] .users[] | .email               │ "
"                                                       │   Extracts email addresses from users    │ "
"                                                       │                                          │ "
"                                                       │3. [Optimize] .users | map(.name)         │ "
"                                                       │   More efficient mapping                 │ "
"                                                       └──────────────────────────────────────────┘ "
"                                                                                                    "
"                                                                                                    "
"                                                                                                    "
"                                                                                                    "
