---
source: src/ai/ai_render.rs
expression: output
---
"                                                                                "
"                                                                                "
"                                                                                "
"                                                                                "
"                                                                                "
"                                                                                "
"                                                                                "
"                                                                                "
"                                                                                "
"                                                                                "
"                                                                                "
"                                                                                "
"                                                                                "
"                                                                                "
"                                                                                "
"                                                                                "
"                                       ┌ AI Assistant ─────── Ctrl+A to close ┐ "
"                                       │1. [Fix] .users[] | select(.active    │ "
"                                       │         == true and .age > 18) |     │ "
"                                       │         {name: .name, email:         │ "
"                                       │         .email, address: .address}   │ "
"                                       │   Filters active adult users and     │ "
"                                       │   extracts their contact             │ "
"                                       │   information                        │ "
"                                       │                                      │ "
"                                       └──────────────────────────────────────┘ "
"                                                                                "
"                                                                                "
"                                                                                "
"                                                                                "
