---
source: src/snippets/snippet_render_tests.rs
expression: output
---
"┌ Edit Snippet - Name ─────────────────────────────────────────────────────────┐"
"│My Snippet                                                                    │"
"│                                                                              │"
"└──────────────────────────────────────────────────────────────────────────────┘"
"                                                                                "
"                                                                                "
"                                                                                "
"                                                                                "
"                                                                                "
"                                                                                "
