---
source: src/snippets/snippet_render_tests.rs
expression: output
---
"╭ New Snippet - Query ─────────────────────────────────────────────────────────╮"
"│.test                                                                         │"
"│                                                                              │"
"│                                                                              │"
"│                                                                              │"
"╰──────────────────────────────────────────────────────────────────────────────╯"
"                                                                                "
"                                                                                "
"                                                                                "
"                                                                                "
