---
source: src/snippets/snippet_render_tests.rs
expression: output
---
"┌ Search ──────────────────────────────┐"
"│                                      │"
"└──────────────────────────────────────┘"
"┌ Snippets (2) ────────────────────────┐"
"│ ► Select all keys                    │"
"│   Flatten                            │"
"│                                      │"
"│                                      │"
"│                                      │"
"│                                      │"
"└──────────────────────────────────────┘"
"┌ Snippet Preview ─────────────────────┐"
"│ keys                                 │"
"└──────────────────────────────────────┘"
" [↑/↓] Navigate  [Enter] Apply  [n] New "
"                                        "
"                                        "
"                                        "
"                                        "
"                                        "
