---
source: src/snippets/snippet_render_tests.rs
expression: output
---
"┌ Snippets (2) ────────────────────────────────────────────┐"
"│ ► Keys - Get keys                                        │"
"│                                                          │"
"│                                                          │"
"└──────────────────────────────────────────────────────────┘"
"                                                            "
"                                                            "
"                                                            "
