---
source: src/snippets/snippet_render_tests.rs
expression: output
---
"┌ Search ──────────────────────────────────────────────────────────────────────┐"
"│                                                                              │"
"└──────────────────────────────────────────────────────────────────────────────┘"
"┌ Snippets (1) ────────────────────────────────────────────────────────────────┐"
"│ ► Identity                                                                   │"
"│                                                                              │"
"│                                                                              │"
"│                                                                              │"
"│                                                                              │"
"│                                                                              │"
"│                                                                              │"
"│                                                                              │"
"│                                                                              │"
"│                                                                              │"
"│                                                                              │"
"└──────────────────────────────────────────────────────────────────────────────┘"
"┌ Snippet Preview ─────────────────────────────────────────────────────────────┐"
"│ .                                                                            │"
"└──────────────────────────────────────────────────────────────────────────────┘"
" [↑/↓] Navigate  [Enter] Apply  [Ctrl+N] New  [Ctrl+E] Edit  [Ctrl+D] Delete  [E"
"                                                                                "
"                                                                                "
"                                                                                "
"                                                                                "
