---
source: src/snippets/snippet_render_tests.rs
expression: output
---
"╭ Search ──────────────────────────────────────────────────────────────────────╮"
"│                                                                              │"
"╰──────────────────────────────────────────────────────────────────────────────╯"
"╭ Snippets ────────────────────────────────────────────────────────────────────╮"
"│   No snippets yet. Press Ctrl+N to create one.                               │"
"╰te • Enter Apply • Ctrl+N New • Ctrl+E Edit • Ctrl+R Replace • Ctrl+D Delete •╯"
"                                                                                "
"                                                                                "
"                                                                                "
"                                                                                "
