---
source: src/snippets/snippet_render_tests.rs
expression: output
---
"╭ Search ──────────────────────────────────────────────────────────────────────╮"
"│                                                                              │"
"╰──────────────────────────────────────────────────────────────────────────────╯"
"╭ Snippets (30) ───────────────────────────────────────────────────────────────╮"
"│   Snippet 06                                                                 ║"
"│   Snippet 07                                                                 ║"
"│   Snippet 08                                                                 █"
"│   Snippet 09                                                                 █"
"│   Snippet 10                                                                 █"
"│   Snippet 11                                                                 █"
"│   Snippet 12                                                                 █"
"│   Snippet 13                                                                 ║"
"│   Snippet 14                                                                 ║"
"│ ▌ Snippet 15                                                                 ║"
"│   Snippet 16                                                                 ║"
"│   Snippet 17                                                                 ║"
"╰te • Enter Apply • Ctrl+N New • Ctrl+E Edit • Ctrl+R Replace • Ctrl+D Delete •╯"
"╭ Snippet Preview ─────────────────────────────────────────────────────────────╮"
"│ .query15                                                                     │"
"╰──────────────────────────────────────────────────────────────────────────────╯"
"                                                                                "
"                                                                                "
"                                                                                "
"                                                                                "
