---
source: src/snippets/snippet_render_tests.rs
expression: output
---
"╭ Search ──────────────────────────────────────────────────────────────────────╮"
"│xyz123                                                                        │"
"╰──────────────────────────────────────────────────────────────────────────────╯"
"╭ Snippets (0/2) ──────────────────────────────────────────────────────────────╮"
"│   No matches                                                                 │"
"│                                                                              │"
"│                                                                              │"
"│                                                                              │"
"│                                                                              │"
"│                                                                              │"
"│                                                                              │"
"│                                                                              │"
"│                                                                              │"
"│                                                                              │"
"│                                                                              │"
"│                                                                              │"
"╰te • Enter Apply • Ctrl+N New • Ctrl+E Edit • Ctrl+R Replace • Ctrl+D Delete •╯"
"╭ Snippet Preview ─────────────────────────────────────────────────────────────╮"
"│ No snippet selected                                                          │"
"╰──────────────────────────────────────────────────────────────────────────────╯"
"                                                                                "
"                                                                                "
"                                                                                "
"                                                                                "
