---
source: src/snippets/snippet_render_tests.rs
expression: output
---
"╭ Search ──────────────────────────────╮"
"│                                      │"
"╰──────────────────────────────────────╯"
"╭ Snippets (2) ────────────────────────╮"
"│ ► Select all keys                    │"
"│   Flatten                            │"
"│                                      │"
"│                                      │"
"│                                      │"
"│                                      │"
"│                                      │"
"╰trl+N New • Ctrl+E Edit • Ctrl+R Repla╯"
"╭ Snippet Preview ─────────────────────╮"
"│ keys                                 │"
"╰──────────────────────────────────────╯"
"                                        "
"                                        "
"                                        "
"                                        "
"                                        "
