---
source: src/snippets/snippet_render_tests.rs
expression: output
---
"┌ Search ──────────────────────────────────────────────────────────────────────┐"
"│                                                                              │"
"└──────────────────────────────────────────────────────────────────────────────┘"
"┌ Snippets ────────────────────────────────────────────────────────────────────┐"
"│   No snippets yet. Press 'n' to create one.                                  │"
"│                                                                              │"
"│                                                                              │"
"│                                                                              │"
"│                                                                              │"
"│                                                                              │"
"│                                                                              │"
"│                                                                              │"
"│                                                                              │"
"│                                                                              │"
"│                                                                              │"
"└──────────────────────────────────────────────────────────────────────────────┘"
"┌ Snippet Preview ─────────────────────────────────────────────────────────────┐"
"│ No snippet selected                                                          │"
"└──────────────────────────────────────────────────────────────────────────────┘"
" [↑/↓] Navigate  [Enter] Apply  [n] New  [e] Edit  [d] Delete  [Esc] Close      "
"                                                                                "
"                                                                                "
"                                                                                "
"                                                                                "
