---
source: src/snippets/snippet_render_tests.rs
expression: output
---
"╭ Search ──────────────────────────────────────────────────────────────────────╮"
"│                                                                              │"
"╰──────────────────────────────────────────────────────────────────────────────╯"
"╭ Snippets (30) ───────────────────────────────────────────────────────────────╮"
"│ ▌ Snippet 00                                                                 █"
"│   Snippet 01                                                                 █"
"│   Snippet 02                                                                 █"
"│   Snippet 03                                                                 █"
"│   Snippet 04                                                                 █"
"│   Snippet 05                                                                 ║"
"│   Snippet 06                                                                 ║"
"│   Snippet 07                                                                 ║"
"│   Snippet 08                                                                 ║"
"│   Snippet 09                                                                 ║"
"│   Snippet 10                                                                 ║"
"│   Snippet 11                                                                 ║"
"╰te • Enter Apply • Ctrl+N New • Ctrl+E Edit • Ctrl+R Replace • Ctrl+D Delete •╯"
"╭ Snippet Preview ─────────────────────────────────────────────────────────────╮"
"│ .query00                                                                     │"
"╰──────────────────────────────────────────────────────────────────────────────╯"
"                                                                                "
"                                                                                "
"                                                                                "
"                                                                                "
