---
source: src/snippets/snippet_render_tests.rs
expression: output
---
"╭ Name ────────────────────────────────────────────────────────────────────────╮"
"│                                                                              │"
"╰──────────────────────────────────────────────────────────────────────────────╯"
"╭ Query ───────────────────────────────────────────────────────────────────────╮"
"│ .data[] | select(.status == "active" and .type == "premium") | {id, name, ema│"
"╰──────────────────────────────────────────────────────────────────────────────╯"
"╭ Description (optional) ──────────────────────────────────────────────────────╮"
"│                                                                              │"
"╰──────────────────────────────────────────────────────────────────────────────╯"
"                                                                                "
"                                                                                "
"                                                                                "
"                                                                                "
"                                                                                "
"                                                                                "
"                                                                                "
"                                                                                "
"╭──────────────────────────────────────────────────────────────────────────────╮"
"│ [Enter] Create  [Tab] Next  [Shift+Tab] Prev  [Esc] Cancel                   │"
"╰──────────────────────────────────────────────────────────────────────────────╯"
"                                                                                "
"                                                                                "
"                                                                                "
"                                                                                "
