---
source: src/snippets/snippet_render_tests.rs
expression: output
---
"╭ Name ────────────────────────────────────────────────────────────────────────╮"
"│                                                                              │"
"╰──────────────────────────────────────────────────────────────────────────────╯"
"╭ Query ───────────────────────────────────────────────────────────────────────╮"
"│ .test | keys                                                                 │"
"╰──────────────────────────────────────────────────────────────────────────────╯"
"╭ Description (optional) ──────────────────────────────────────────────────────╮"
"│                                                                              │"
"╰──────────────────────────────────────────────────────────────────────────────╯"
"                                                                                "
"                                                                                "
"                                                                                "
"                                                                                "
"                                                                                "
"                                                                                "
"                                                                                "
"                                                                                "
"╭──────────────────────────────────────────────────────────────────────────────╮"
"│ [Enter] Create  [Tab] Next  [Shift+Tab] Prev  [Esc] Cancel                   │"
"╰──────────────────────────────────────────────────────────────────────────────╯"
"                                                                                "
"                                                                                "
"                                                                                "
"                                                                                "
