---
source: src/snippets/snippet_render_tests.rs
expression: output
---
"╭ Name ────────────────────────────────╮"
"│ Test                                 │"
"╰──────────────────────────────────────╯"
"╭ Query ───────────────────────────────╮"
"│.test                                 │"
"╰──────────────────────────────────────╯"
"╭ Description (optional) ──────────────╮"
"│ Desc                                 │"
"╰──────────────────────────────────────╯"
"                                        "
"                                        "
"                                        "
"╭──────────────────────────────────────╮"
"│ Enter Create • Tab Next • Shift+Tab P│"
"╰──────────────────────────────────────╯"
"                                        "
"                                        "
"                                        "
"                                        "
"                                        "
