---
source: src/snippets/snippet_render_tests.rs
expression: output
---
"┌ Search ──────────────────────────────┐"
"│                                      │"
"└──────────────────────────────────────┘"
"┌ Snippets ────────────────────────────┐"
"│   No snippets yet. Press 'n' to creat│"
"│                                      │"
"│                                      │"
"│                                      │"
"│                                      │"
"│                                      │"
"└──────────────────────────────────────┘"
"┌ Snippet Preview ─────────────────────┐"
"│ No snippet selected                  │"
"└──────────────────────────────────────┘"
" [↑/↓] Navigate  [Enter] Apply  [n] New "
"                                        "
"                                        "
"                                        "
"                                        "
"                                        "
