---
source: src/snippets/snippet_render_tests.rs
expression: output
---
"┌ Name ────────────────────────────────────────────────────────────────────────┐"
"│My Snippet                                                                    │"
"└──────────────────────────────────────────────────────────────────────────────┘"
"┌ Query ───────────────────────────────────────────────────────────────────────┐"
"│ .new | keys | sort                                                           │"
"└──────────────────────────────────────────────────────────────────────────────┘"
"┌ Description (optional) ──────────────────────────────────────────────────────┐"
"│                                                                              │"
"└──────────────────────────────────────────────────────────────────────────────┘"
"                                                                                "
"                                                                                "
"                                                                                "
"                                                                                "
"                                                                                "
"                                                                                "
"                                                                                "
"                                                                                "
"┌──────────────────────────────────────────────────────────────────────────────┐"
"│ [Enter] Update  [Tab] Next  [Shift+Tab] Prev  [Esc] Cancel                   │"
"└──────────────────────────────────────────────────────────────────────────────┘"
"                                                                                "
"                                                                                "
"                                                                                "
"                                                                                "
