---
source: src/snippets/snippet_render_tests.rs
expression: output
---
"┌ Search ──────────────────────────────────────────────────────────────────────┐"
"│                                                                              │"
"└──────────────────────────────────────────────────────────────────────────────┘"
"┌ Snippets ────────────────────────────────────────────────────────────────────┐"
"│   No snippets yet. Press Ctrl+N to create one.                               │"
"│                                                                              │"
"│                                                                              │"
"│                                                                              │"
"│                                                                              │"
"│                                                                              │"
"│                                                                              │"
"│                                                                              │"
"│                                                                              │"
"│                                                                              │"
"│                                                                              │"
"└──────────────────────────────────────────────────────────────────────────────┘"
"┌ Snippet Preview ─────────────────────────────────────────────────────────────┐"
"│ No snippet selected                                                          │"
"└──────────────────────────────────────────────────────────────────────────────┘"
" [↑/↓] Navigate  [Enter] Apply  [Ctrl+N] New  [Ctrl+E] Edit  [Ctrl+D] Delete  [E"
"                                                                                "
"                                                                                "
"                                                                                "
"                                                                                "
