---
source: src/snippets/snippet_render_tests.rs
expression: output
---
"┌ Search ──────────────────────────────────────────────────────────────────────┐"
"│                                                                              │"
"└──────────────────────────────────────────────────────────────────────────────┘"
"┌ Snippets (1) ────────────────────────────────────────────────────────────────┐"
"│ ► Complex filter - Filters active premium users and extracts key fields      │"
"│                                                                              │"
"│                                                                              │"
"│                                                                              │"
"│                                                                              │"
"│                                                                              │"
"│                                                                              │"
"│                                                                              │"
"│                                                                              │"
"│                                                                              │"
"└──────────────────────────────────────────────────────────────────────────────┘"
"┌ Snippet Preview ─────────────────────────────────────────────────────────────┐"
"│ .data[] | select(.status == "active" and .type == "premium") | {id, name,    │"
"│ email, created_at, metadata}                                                 │"
"└──────────────────────────────────────────────────────────────────────────────┘"
" [↑/↓] Navigate  [Enter] Apply  [Ctrl+N] New  [Ctrl+E] Edit  [Ctrl+R] Replace  ["
"                                                                                "
"                                                                                "
"                                                                                "
"                                                                                "
