---
source: src/snippets/snippet_render_tests.rs
expression: output
---
"╭ Name ────────────────────────────────╮"
"│Test                                  │"
"╰──────────────────────────────────────╯"
"╭ Query ───────────────────────────────╮"
"│ .test                                │"
"╰──────────────────────────────────────╯"
"╭ Description (optional) ──────────────╮"
"│                                      │"
"╰──────────────────────────────────────╯"
"                                        "
"                                        "
"                                        "
"╭──────────────────────────────────────╮"
"│ [Enter] Create  [Tab] Next  [Shift+Ta│"
"╰──────────────────────────────────────╯"
"                                        "
"                                        "
"                                        "
"                                        "
"                                        "
