---
source: src/snippets/snippet_render_tests.rs
expression: output
---
"╭ Search ──────────────────────────────────────────────────────────────────────╮"
"│                                                                              │"
"╰──────────────────────────────────────────────────────────────────────────────╯"
"╭ Snippets (3) ────────────────────────────────────────────────────────────────╮"
"│   Select all keys - Returns array of all keys                                │"
"│ ▌ Flatten arrays                                                             │"
"│   Filter by type - Filter items by type                                      │"
"│                                                                              │"
"│                                                                              │"
"│                                                                              │"
"│                                                                              │"
"│                                                                              │"
"│                                                                              │"
"│                                                                              │"
"│                                                                              │"
"│                                                                              │"
"╰te • Enter Apply • Ctrl+N New • Ctrl+E Edit • Ctrl+R Replace • Ctrl+D Delete •╯"
"╭ Snippet Preview ─────────────────────────────────────────────────────────────╮"
"│ flatten                                                                      │"
"╰──────────────────────────────────────────────────────────────────────────────╯"
"                                                                                "
"                                                                                "
"                                                                                "
"                                                                                "
