---
source: src/snippets/snippet_render_tests.rs
expression: output
---
"                                                                                "
"                                                                                "
"                                                                                "
"                                                                                "
"                                                                                "
"                                                                                "
"               ╭ Confirm Delete ────────────────────────────────╮               "
"               │                                                │               "
"               │ Delete "My Snippet"?                           │               "
"               │                                                │               "
"               │ [Enter] Confirm    [Esc] Cancel                │               "
"               │                                                │               "
"               ╰────────────────────────────────────────────────╯               "
"                                                                                "
"                                                                                "
"                                                                                "
"                                                                                "
"                                                                                "
"                                                                                "
"                                                                                "
"                                                                                "
"                                                                                "
"                                                                                "
"                                                                                "
