---
source: src/snippets/snippet_render_tests.rs
expression: output
---
"╭ Search ──────────────────────────────╮"
"│                                      │"
"╰──────────────────────────────────────╯"
"╭ Snippets ────────────────────────────╮"
"│   No snippets yet. Press Ctrl+N to cr│"
"│                                      │"
"│                                      │"
"│                                      │"
"│                                      │"
"│                                      │"
"│                                      │"
"╰trl+N New • Ctrl+E Edit • Ctrl+R Repla╯"
"╭ Snippet Preview ─────────────────────╮"
"│ No snippet selected                  │"
"╰──────────────────────────────────────╯"
"                                        "
"                                        "
"                                        "
"                                        "
"                                        "
