---
source: src/syntax/mod.rs
expression: results
---
- - "|"
  - - content: "|"
      fg: magenta
- - "=="
  - - content: "=="
      fg: magenta
- - "!="
  - - content: "!="
      fg: magenta
- - "<="
  - - content: "<="
      fg: magenta
- - ">="
  - - content: ">="
      fg: magenta
- - //
  - - content: //
      fg: magenta
- - +
  - - content: +
      fg: magenta
- - "-"
  - - content: "-"
      fg: magenta
- - "*"
  - - content: "*"
      fg: magenta
- - /
  - - content: /
      fg: magenta
- - "%"
  - - content: "%"
      fg: magenta
- - (
  - - content: (
      fg: magenta
- - )
  - - content: )
      fg: magenta
- - "["
  - - content: "["
      fg: magenta
- - "]"
  - - content: "]"
      fg: magenta
- - "{"
  - - content: "{"
      fg: magenta
- - "}"
  - - content: "}"
      fg: magenta
- - ","
  - - content: ","
      fg: magenta
- - ;
  - - content: ;
      fg: magenta
- - ":"
  - - content: ":"
      fg: magenta
- - "?"
  - - content: "?"
      fg: magenta
