---
source: src/syntax_highlight_tests/snapshot_tests.rs
expression: serialize_spans(&spans)
---
- content: reduce
  fg: yellow
- content: " "
- content: "."
- content: "["
  fg: magenta
- content: "]"
  fg: magenta
- content: " "
- content: as
  fg: yellow
- content: " "
- content: $x
  fg: red
- content: " "
- content: (
  fg: magenta
- content: "0"
  fg: cyan
- content: ;
  fg: magenta
- content: " "
- content: "."
- content: " "
- content: +
  fg: magenta
- content: " "
- content: $x
  fg: red
- content: )
  fg: magenta
