---
source: src/input/input_render_tests.rs
expression: output
---
"╭ Object ───────────────────────────────────────────────────────── L1-1/1 (0%) ╮"
"▌"Alice"                                                                       │"
"│                                                                              │"
"│                                                                              │"
"│                                                                              │"
"│                                                                              │"
"│                                                                              │"
"│                                                                              │"
"│                                                                              │"
"│                                                                              │"
"│                                                                              │"
"│                                                                              │"
"│                                                                              │"
"│                                                                              │"
"│                                                                              │"
"│                                                                              │"
"│                                                                              │"
"│                                                                              │"
"│                                                                              │"
"╰─── [Tab/Shift+Tab] Edit query | [i] Edit query in INSERT mode | [?] Help ────╯"
"╭ Query [INSERT] ─────────────────────────────── Press Ctrl+A for AI Assistant ╮"
"│.name                                                                         │"
"╰───────────────────────────── Tab to edit query ──────────────────────────────╯"
" F1/?: Help | Shift+Tab: Switch Pane | Ctrl+S: Snippets | Enter: Output Result |"
