---
source: src/input/input_render_tests.rs
expression: output
---
"╭ Object ───────────────────────────────────────────────────────── L1-1/1 (0%) ╮"
"│"Alice"                                                                       │"
"│                                                                              │"
"│                                                                              │"
"│                                                                              │"
"│                                                                              │"
"│                                                                              │"
"│                                                                              │"
"│                                                                              │"
"│                                                                              │"
"│                                                                              │"
"│                                                                              │"
"│                                                                              │"
"│                                                                              │"
"│                                                                              │"
"│                                                                              │"
"│                                                                              │"
"│                                                                              │"
"│                                                                              │"
"╰──────────────────────────────────────────────────────────────────────────────╯"
"╭ Query [NORMAL] (press 'i' to edit) ───────────────────── Ctrl+A AI Assistant ╮"
"│.name                                                                         │"
"╰───────────────── Enter Output Result • Ctrl+Q Output Query ──────────────────╯"
" F1/? Help • Shift+Tab Navigate Results • Ctrl+S Snippets • Ctrl+F Search • Ctrl"
