---
source: src/input/input_render_tests.rs
expression: output
---
"╭ Object ───────────────────────────────────────────────────────── L1-3/3 (0%) ╮"
"▌{                                                                             │"
"│  "name": "Alice"                                                             │"
"│}                                                                             │"
"│                                                                              │"
"│                                                                              │"
"│                                                                              │"
"│                                                                              │"
"│                                                                              │"
"│                                                                              │"
"│                                                                              │"
"│                                                                              │"
"│                                                                              │"
"│                                                                              │"
"│                                                                              │"
"│                                                                              │"
"│                                                                              │"
"│                                                                              │"
"│                                                                              │"
"╰─────────────────────── Tab Edit Query • i Edit Query ────────────────────────╯"
"╭ Query [INSERT] ──────────────────────────────────────────────────────────────╮"
"│                                                                              │"
"╰──────────────────────────────────────────────────────────────────────────────╯"
" F1/? Help • Shift+Tab Edit Query • Ctrl+S Snippets • Ctrl+F Search • Ctrl+C Qui"
