---
source: src/input/input_render_tests.rs
expression: output
---
"╭ Object ───────────────────────────────────────────────────────── L1-3/3 (0%) ╮"
"▌{                                                                             │"
"│  "name": "Alice"                                                             │"
"│}                                                                             │"
"│                                                                              │"
"│                                                                              │"
"│                                                                              │"
"│                                                                              │"
"│                                                                              │"
"│                                                                              │"
"│                                                                              │"
"│                                                                              │"
"│                                                                              │"
"│                                                                              │"
"│                                                                              │"
"│                                                                              │"
"│                                                                              │"
"│                                                                              │"
"│                                                                              │"
"╰─── [Tab/Shift+Tab] Edit query | [i] Edit query in INSERT mode | [?] Help ────╯"
"╭ Query [INSERT] ─────────────────────────────── Press Ctrl+A for AI Assistant ╮"
"│                                                                              │"
"╰───────────────────────────── Tab to edit query ──────────────────────────────╯"
" F1/? Help • Shift+Tab Edit Query • Ctrl+S Snippets • Ctrl+F Search • Ctrl+C Qui"
