---
source: src/app/app_render_tests/search_tests.rs
expression: output
---
"╭ Array [3 objects] ──────────────────────────────────────────── L1-12/12 (0%) ╮"
"▌[                                                                             │"
"│  {                                                                           │"
"│    "name": "alice",                                                          │"
"│    "email": "alice@test.com"                                                 │"
"│  },                                                                          │"
"│  {                                                                           │"
"│    "name": "bob"                                                             │"
"│  },                                                                          │"
"│  {                                                                           │"
"│    "name": "alice"                                                           │"
"│  }                                                                           │"
"│]                                                                             │"
"│                                                                              │"
"│                                                                              │"
"│                                                                              │"
"│                                                                              │"
"│                                                                              │"
"│                                                                              │"
"╰──────────────────────────────────────────────────────────────────────────────╯"
"╭ Search: ────────────────────────────────────────────────────────────── (2/3) ╮"
"│alice                                                                         │"
"╰─────────────────────── [Enter] Confirm | [Esc] Close ────────────────────────╯"
" F1/? Help • Esc Close • Enter Confirm Search                                   "
