---
source: src/app/app_render_tests/popup_tests.rs
expression: output
---
"┌ Obj┌ Keyboard Shortcuts ────────────────────────────────────────────────┐────┐"
"│{   │  g/Home         Jump to top                                        │    │"
"│  "t│  G/End          Jump to bottom                                     │    │"
"│}   │  Ctrl+D/U       Half page down/up                                  │    │"
"│    │  PageDown/Up    Half page down/up                                  │    │"
"│    │                                                                    │    │"
"│    │  ── SEARCH IN RESULTS ──                                           │    │"
"│    │  Ctrl+F         Open search (from any pane)                        │    │"
"│    │  /              Open search (from Results pane)                    │    │"
"│    │  Enter          Confirm search                                     │    │"
"│    │  n/Enter        Next match                                         │    │"
"│    │  N/Shift+Enter  Previous match                                     │    │"
"│    │  Ctrl+F or /    Re-enter edit mode                                 │    │"
"│    │  Esc            Close search                                       │    │"
"│    │                                                                    │    │"
"│    │  ── HISTORY POPUP ──                                               │    │"
"│    │  Up/Down        Navigate entries                                   │    │"
"│    │  Type           Fuzzy search filter                                │    │"
"│    │  Enter/Tab      Select entry and close                             │    │"
"└────│  Esc            Close without selecting                            │────┘"
"┌ Que│                                                                    │ant ┐"
"│    │  ── ERROR OVERLAY ──                                               │    │"
"└────│  Ctrl+E         Toggle error details                               │────┘"
" F1: └────────────────────────────────────────────────────────────────────┘story"
