---
source: src/app/app_render_tests/search_tests.rs
expression: output
---
"╭ Array [3 objects] ──────────────────────────────────────────── L1-11/11 (0%) ╮"
"▌[                                                                             │"
"│  {                                                                           │"
"│    "name": "alice"                                                           │"
"│  },                                                                          │"
"│  {                                                                           │"
"│    "name": "bob"                                                             │"
"│  },                                                                          │"
"│  {                                                                           │"
"│    "name": "alice"                                                           │"
"│  }                                                                           │"
"│]                                                                             │"
"│                                                                              │"
"│                                                                              │"
"│                                                                              │"
"│                                                                              │"
"│                                                                              │"
"│                                                                              │"
"│                                                                              │"
"╰──────────────────────────────────────────────────────────────────────────────╯"
"╭ Search: ────────────────────────────────────────────────────────────── (1/2) ╮"
"│alice                                                                         │"
"╰─────────────────────── [Enter] Confirm | [Esc] Close ────────────────────────╯"
" F1/? Help • Esc Close • Enter Confirm Search                                   "
