---
source: src/app/app_render_tests/search_tests.rs
expression: output
---
"┌ Object ───────────────────────────────────────────────────────── L1-4/4 (0%) ┐"
"│{                                                                             │"
"│  "name": "Alice",                                                            │"
"│  "email": "alice@example.com"                                                │"
"│}                                                                             │"
"│                                                                              │"
"│                                                                              │"
"│                                                                              │"
"│                                                                              │"
"│                                                                              │"
"│                                                                              │"
"│                                                                              │"
"│                                                                              │"
"│                                                                              │"
"│                                                                              │"
"│                                                                              │"
"│                                                                              │"
"│                                                                              │"
"│                                                                              │"
"└──────────────────────────────────────────────────────────────────────────────┘"
"┌ Search (press / to edit): ──────────────────────────────────────────── (1/2) ┐"
"│alice                                                                         │"
"└──────────────────────────────────────────────────────────────────────────────┘"
" F1/?: Help | Esc: Close | n/N: Next/Prev | /: Edit Search                      "
