---
source: src/app/app_render_tests/search_tests.rs
expression: output
---
"┌ Object ───────────────────────────────────────────────────────── L1-4/4 (0%) ┐"
"│{                                                                             │"
"│  "name": "Alice",                                                            │"
"│  "email": "alice@example.com"                                                │"
"│}                                                                             │"
"│                                                                              │"
"│                                                                              │"
"│                                                                              │"
"│                                                                              │"
"│                                                                              │"
"│                                                                              │"
"│                                                                              │"
"│                                                                              │"
"│                                                                              │"
"│                                                                              │"
"│                                                                              │"
"│                                                                              │"
"│                                                                              │"
"│                                                                              │"
"└──────────────────────────────────────────────────────────────────────────────┘"
"┌ Search: ────────────────────────────────────────────────────────────── (1/2) ┐"
"│alice                                                                         │"
"└─────────────────────── [Enter] Confirm | [Esc] Close ────────────────────────┘"
" F1/?: Help | Esc: Close | Enter: Confirm Search                                "
