---
source: src/app/app_render_tests/search_tests.rs
expression: output
---
"┌ Object ───────────────────────────────────────────────────────── L1-4/4 (0%) ┐"
"│                                                                              │"
"│                                                                              │"
"│                                                                     match_her│"
"│                                                                              │"
"│                                                                              │"
"│                                                                              │"
"│                                                                              │"
"│                                                                              │"
"│                                                                              │"
"│                                                                              │"
"│                                                                              │"
"│                                                                              │"
"│                                                                              │"
"│                                                                              │"
"│                                                                              │"
"│                                                                              │"
"│                                                                              │"
"│                                                                              │"
"└────────── [n/N] Next/Prev | [Enter] Next | [/] Edit | [Esc] Close ───────────┘"
"┌ Search (press / to edit): ──────────────────────────────────────────── (1/1) ┐"
"│match_here                                                                    │"
"└──────────────────────────────────────────────────────────────────────────────┘"
" F1/?: Help | Esc: Close | n/N: Next/Prev | /: Edit Search                      "
