---
source: src/app/app_render_tests/popup_tests.rs
expression: output
---
"┌ Obj┌ Keyboard Shortcuts ────────────────────────────────────────────────┐────┐"
"│{   │  Ctrl+F         Open search (from any pane)                        │    │"
"│  "t│  /              Open search (from Results pane)                    │    │"
"│}   │  Enter          Confirm search                                     │    │"
"│    │  n/Enter        Next match                                         │    │"
"│    │  N/Shift+Enter  Previous match                                     │    │"
"│    │  Ctrl+F or /    Re-enter edit mode                                 │    │"
"│    │  Esc            Close search                                       │    │"
"│    │                                                                    │    │"
"│    │  ── HISTORY POPUP ──                                               │    │"
"│    │  Up/Down        Navigate entries                                   │    │"
"│    │  Type           Fuzzy search filter                                │    │"
"│    │  Enter/Tab      Select entry and close                             │    │"
"│    │  Esc            Close without selecting                            │    │"
"│    │                                                                    │    │"
"│    │  ── ERROR OVERLAY ──                                               │    │"
"│    │  Ctrl+E         Toggle error details                               │    │"
"│    │                                                                    │    │"
"│    │  ── AI ASSISTANT ──                                                │    │"
"└────│  Ctrl+A         Toggle AI assistant                                │────┘"
"┌ Que│  Alt+1-5        Apply AI suggestion (direct)                       │ant ┐"
"│    │  Alt+↑↓/j/k     Navigate suggestions                               │    │"
"└────│  Enter          Apply selected suggestion                          │────┘"
" F1: └────────────────────────────────────────────────────────────────────┘story"
