---
source: src/app/app_render_tests/popup_tests.rs
expression: output
---
"┌ History (20/20) ─────────────────────────────────────────────────────────────┐"
"│ ► .entry03                                                                   ║"
"│   .entry04                                                                   ║"
"│   .entry05                                                                   █"
"│   .entry06                                                                   █"
"│   .entry07                                                                   █"
"│   .entry08                                                                   █"
"│   .entry09                                                                   █"
"│   .entry10                                                                   █"
"│   .entry11                                                                   █"
"│   .entry12                                                                   █"
"│   .entry13                                                                   █"
"│   .entry14                                                                   █"
"│   .entry15                                                                   █"
"│   .entry16                                                                   █"
"│   .entry17                                                                   ║"
"└──────────────────────────────────────────────────────────────────────────────┘"
"┌ Search ──────────────────────────────────────────────────────────────────────┐"
"│                                                                              │"
"└──────────────────────────────────────────────────────────────────────────────┘"
"┌ Query [INSERT] ─────────────────────────────── Press Ctrl+A for AI Assistant ┐"
"│                                                                              │"
"└──────────────────────────────────────────────────────────────────────────────┘"
" F1: Help | Shift+Tab: Switch Pane | Ctrl+S: Snippets | Ctrl+P/N: Cycle History "
