---
source: src/app/app_render_tests/popup_tests.rs
expression: output
---
"╭ Object ───────────────────────────────────────────────────────── L1-3/3 (0%) ╮"
"│{                                                                             │"
"│  "t╭ Keyboard Shortcuts ────────────────────────────────────────────────╮    │"
"│}   │[1:Global]   2:Input   3:Result   4:History   5:AI   6:Search   7:Sn│    │"
"│    │────────────────────────────────────────────────────────────────────│    │"
"│    │  F1 or ?        Toggle this help                                   │    │"
"│    │  Ctrl+A         Toggle AI assistant                                │    │"
"│    │  Ctrl+S         Open snippets manager                              │    │"
"│    │  Ctrl+C         Quit without output                                │    │"
"│    │  Enter          Output filtered JSON and exit                      │    │"
"│    │  Ctrl+Q         Output query string only and exit                  │    │"
"│    │  Shift+Tab      Switch focus (Input / Results)                     │    │"
"│    │  q              Quit (in Normal mode or Results pane)              │    │"
"│    │  Ctrl+E         Toggle error overlay                               │    │"
"│    │                                                                    │    │"
"│    │                                                                    │    │"
"│    │                                                                    │    │"
"│    │                                                                    │    │"
"│    │                                                                    │    │"
"╰────│                                                                    │────╯"
"╭ Que│       1-7 jump • Tab next • h/l switch • j/k scroll • q close      │ant ╮"
"│    ╰────────────────────────────────────────────────────────────────────╯    │"
"╰──────────────────────────────────────────────────────────────────────────────╯"
" F1 Help • Shift+Tab Navigate Results • Ctrl+S Snippets • Ctrl+F Search • Ctrl+P"
