---
source: src/app/app_render_tests/popup_tests.rs
expression: output
---
"╭ Object ───────────────────────────────────────────────────────── L1-4/4 (0%) ╮"
"│{                                                                             │"
"│  "name": "Alice",                                                            │"
"│  "age": 30                                                                   │"
"│}                                                                             │"
"│                                                                              │"
"│                                                                              │"
"│                                                                              │"
"│                                                                              │"
"│                                                                              │"
"│                                                                              │"
"│                                                                              │"
"│                                                                              │"
"│                                                                              │"
"│                                                                              │"
"│                                                                              │"
"│                                                                              │"
"│                                                                              │"
"│                                                                              │"
"╰──────────────────────────────────────────────────────────────────────────────╯"
"╭ Query [INSERT] ────────────────────────────────────────── Ctrl+T for tooltip ╮"
"│                                                                              │"
"╰───────── Ctrl+P Previous Query • Ctrl+N Next Query • Ctrl+R History ─────────╯"
" F1 Help • Shift+Tab Navigate Results • Ctrl+S Snippets • Ctrl+F Search • Ctrl+P"
