---
source: src/app/app_render_tests/basic_ui_tests.rs
expression: output
---
"╭ Stream [3] ───────────────────────────────────────────────────── L1-3/3 (0%) ╮"
"│"Alice"                                                                       │"
"│"Bob"                                                                         │"
"│"Charlie"                                                                     │"
"│                                                                              │"
"│                                                                              │"
"│                                                                              │"
"│                                                                              │"
"│                                                                              │"
"│                                                                              │"
"│                                                                              │"
"│                                                                              │"
"│                                                                              │"
"│                                                                              │"
"│                                                                              │"
"│                                                                              │"
"│                                                                              │"
"│                                                                              │"
"│                                                                              │"
"╰──────────────────────────────────────────────────────────────────────────────╯"
"╭ Query [INSERT] ─────────────────────────────── Press Ctrl+A for AI Assistant ╮"
"│.[].name                                                                      │"
"╰──────────────────────────────────────────────────────────────────────────────╯"
" F1: Help | Shift+Tab: Switch Pane | Ctrl+S: Snippets | ↑/Ctrl+R: History | Ente"
