---
source: src/app/app_render_tests/popup_tests.rs
expression: output
---
"┌ History (20/20) ─────────────────────────────────────────────────────────────┐"
"│   .query05                                                                   ║"
"│   .query06                                                                   ║"
"│   .query07                                                                   ║"
"│   .query08                                                                   ║"
"│   .query09                                                                   █"
"│   .query10                                                                   █"
"│   .query11                                                                   █"
"│   .query12                                                                   █"
"│   .query13                                                                   █"
"│   .query14                                                                   █"
"│   .query15                                                                   █"
"│   .query16                                                                   █"
"│   .query17                                                                   █"
"│   .query18                                                                   █"
"│ ► .query19                                                                   █"
"└──────────────────────────────────────────────────────────────────────────────┘"
"┌ Search ──────────────────────────────────────────────────────────────────────┐"
"│                                                                              │"
"└──────────────────────────────────────────────────────────────────────────────┘"
"┌ Query [INSERT] ─────────────────────────────── Press Ctrl+A for AI Assistant ┐"
"│                                                                              │"
"└──────────────────────────────────────────────────────────────────────────────┘"
" F1: Help | Shift+Tab: Switch Pane | Ctrl+S: Snippets | Ctrl+P/N: Cycle History "
