---
source: src/app/app_render_tests/basic_ui_tests.rs
expression: output
---
"╭ Array [3 objects] ──────────────────────────────────────────── L1-11/11 (0%) ╮"
"▌[                                                                             │"
"│  {                                                                           │"
"│    "id": 1                                                                   │"
"│  },                                                                          │"
"│  {                                                                           │"
"│    "id": 2                                                                   │"
"│  },                                                                          │"
"│  {                                                                           │"
"│    "id": 3                                                                   │"
"│  }                                                                           │"
"│]                                                                             │"
"│                                                                              │"
"│                                                                              │"
"│                                                                              │"
"│                                                                              │"
"│                                                                              │"
"│                                                                              │"
"│                                                                              │"
"╰─────────────────────── Tab Edit Query • i Edit Query ────────────────────────╯"
"╭ Query [INSERT] ──────────────────────────────────────────────────────────────╮"
"│                                                                              │"
"╰──────────────────────────────────────────────────────────────────────────────╯"
" F1/? Help • Shift+Tab Edit Query • Ctrl+S Snippets • Ctrl+F Search • Ctrl+C Qui"
