---
source: src/app/app_render_tests/popup_tests.rs
expression: output
---
"╭ Object ───────────────────────────────────────────────────────────────────────────────────────────────── L1-4/4 (0%) ╮"
"│{                                                                                                                     │"
"│  "name": "Alice",                                                                                                    │"
"│  "age": 30                                                                                                           │"
"│}                                                                                                                     │"
"│                                                                                                                      │"
"│                                                                                                                      │"
"│                                                                                                                      │"
"│                                                                                                                      │"
"│                                                                                                                      │"
"│                                                                                                                      │"
"│                                                                                                                      │"
"│                                                                                                                      │"
"│                                                                                                                      │"
"│                                                                                                                      │"
"│                                                      ╭ operator: |= ──────────────────────────── Ctrl+T to dismiss ╮ │"
"│                                                      │Update operator - transform value in place using expression  │ │"
"│                                                      │                                                             │ │"
"│                                                      │  .name |= ascii_upcase   │ uppercase the name field         │ │"
"│                                                      │  .count |= . + 1         │ increment count                  │ │"
"│                                                      │  .items[] |= . * 2       │ double each item                 │ │"
"│                                                      │  .config |= . + {new: 1} │ add to object                    │ │"
"│                                                      │                                                             │ │"
"│                                                      │💡 Right side receives current value as input; use = for     │ │" Hidden by multi-width symbols: [(57, " ")]
"│                                                      │   simple assignment                                         │ │"
"╰──────────────────────────────────────────────────────╰─────────────────────────────────────────────────────────────╯─╯"
"╭ Query [INSERT] ─────────────────────────────────────────────────────────────────────── Press Ctrl+A for AI Assistant ╮"
"│                                                                                                                      │"
"╰──────────────────────────────────────────────────────────────────────────────────────────────────────────────────────╯"
" F1 Help • Shift+Tab Navigate Results • Ctrl+S Snippets • Ctrl+F Search • Ctrl+P/N Cycle History • Ctrl+R History • Ctrl"
