---
source: src/app/app_render_tests/basic_ui_tests.rs
expression: output
---
"╭ ⚠ Syntax Error | Array [5 numbers] | Showing last successful result 7/7 (0%) ╮"
"│[                                                                             │"
"│  1,                                                                          │"
"│  2,                                                                          │"
"│  3,                                                                          │"
"│  4,                                                                          │"
"│  5                                                                           │"
"│]                                                                             │"
"│                                                                              │"
"│                                                                              │"
"│                                                                              │"
"│                                                                              │"
"│                                                                              │"
"│                                                                              │"
"│                                                                              │"
"│                                                                              │"
"│                                                                              │"
"│                                                                              │"
"│                                                                              │"
"╰──────────────────────────────────────────────────────────────────────────────╯"
"╭ Query [INSERT] ───────────────────────────────────────── Ctrl+A AI Assistant ╮"
"│.invalid[                                                                     │"
"╰───────────────────────────── Ctrl+E Show Error ──────────────────────────────╯"
" F1 Help • Shift+Tab Navigate Results • Ctrl+S Snippets • Ctrl+F Search • Ctrl+P"
