---
source: src/app/app_render_tests/basic_ui_tests.rs
expression: output
---
"╭   ⚠ Syntax Error   Object | Showing last successful result ───── L1-3/3 (0%) ╮"
"│{                                                                             │"
"│  "test": true                                                                │"
"│}                                                                             │"
"│                                                                              │"
"│                                                                              │"
"│                                                                              │"
"│                                                                              │"
"│                                                                              │"
"│                                                                              │"
"│                                                                              │"
"│                                                                              │"
"│                                                                              │"
"│                                                                              │"
"│ ╭ Syntax Error ────────────────────────────────────────────────────────────╮ │"
"│ │                                                                          │ │"
"│ │ jq: compile error: syntax error at line 1                                │ │"
"│ │                                                                          │ │"
"│ ╰────────────────────────────── Ctrl+E Close ──────────────────────────────╯ │"
"╰──────────────────────────────────────────────────────────────────────────────╯"
"╭ Query [INSERT] ───────────────────────────────────────── Ctrl+A AI Assistant ╮"
"│                                                                              │"
"╰───────────────────────────── Ctrl+E Show Error ──────────────────────────────╯"
" F1 Help • Shift+Tab Navigate Results • Ctrl+S Snippets • Ctrl+F Search • Ctrl+P"
