---
source: src/app/app_render_tests/search_tests.rs
expression: output
---
"┌ Object ───────────────────────────────────────────────────────── L1-4/4 (0%) ┐"
"│{                                                                             │"
"│  "name": "Alice",                                                            │"
"│  "age": 30                                                                   │"
"│}                                                                             │"
"│                                                                              │"
"│                                                                              │"
"│                                                                              │"
"│                                                                              │"
"│                                                                              │"
"│                                                                              │"
"│                                                                              │"
"│                                                                              │"
"│                                                                              │"
"│                                                                              │"
"│                                                                              │"
"│                                                                              │"
"│                                                                              │"
"│                                                                              │"
"└──────────────────────────────────────────────────────────────────────────────┘"
"┌ Search: ────────────────────────────────────────────────────────────── (0/0) ┐"
"│xyz                                                                           │"
"└──────────────────────────────────────────────────────────────────────────────┘"
" F1/?: Help | Esc: Close | Enter: Confirm Search                                "
