---
source: src/app/app_render_tests/basic_ui_tests.rs
expression: output
---
"╭ Object ───────────────────────────────────────────────────────── L1-3/3 (0%) ╮"
"│{                                                                             │"
"│  "test": true                                                                │"
"│}                                                                             │"
"│                                                                              │"
"│                                                                              │"
"│                                                                              │"
"│                                                                              │"
"│                                                                              │"
"│                                                                              │"
"│                                                                              │"
"│                                                                              │"
"│                                                                              │"
"│                                                                              │"
"│                                                                              │"
"│                                                                              │"
"│                                                                              │"
"│                                                                              │"
"│                                                                              │"
"╰──────────────────────────────────────────────────────────────────────────────╯"
"╭ Query [OPERATOR(d)] ────────────────────────── Press Ctrl+A for AI Assistant ╮"
"│                                                                              │"
"╰──────────────────────────────────────────────────────────────────────────────╯"
" F1/?: Help | Shift+Tab: Switch Pane | Ctrl+S: Snippets | Enter: Output Result |"
