---
source: src/app/app_render_tests/popup_tests.rs
expression: output
---
"╭ Object ───────────────────────────────────────────────────────────────────────────────────────────────── L1-4/4 (0%) ╮"
"│{                                                                                                                     │"
"│  "name": "Alice",                                                                                                    │"
"│  "age": 30                                                                                                           │"
"│}                                                                                                                     │"
"│                                                                                                                      │"
"│                                                                                                                      │"
"│                                                                                                                      │"
"│                                                                                                                      │"
"│                                                                                                                      │"
"│                                                                                                                      │"
"│                                                                                                                      │"
"│                                                                                                                      │"
"│                                                                                                                      │"
"│                                                                                                                      │"
"│                                                        ╭ fn: del ─────────────────────────────── Ctrl+T to dismiss ╮ │"
"│                                                        │Delete keys or paths from object/array                     │ │"
"│                                                        │                                                           │ │"
"│                                                        │  del(.password, .secret) │ remove sensitive fields        │ │"
"│                                                        │  del(.users[0])          │ remove first array element     │ │"
"│                                                        │  del(.config.debug)      │ remove nested field            │ │"
"│                                                        │  map(del(.internal))     │ remove field from all objects  │ │"
"│                                                        │                                                           │ │"
"│                                                        │💡 For pattern matching: with_entries(select(.key |        │ │" Hidden by multi-width symbols: [(59, " ")]
"│                                                        │   test("x") | not))                                       │ │"
"╰────────────────────────────────────────────────────────╰───────────────────────────────────────────────────────────╯─╯"
"╭ Query [INSERT] ───────────────────────────────────────────────────────────────────────────────── Ctrl+A AI Assistant ╮"
"│                                                                                                                      │"
"╰───────────────────────────── Ctrl+P Previous Query • Ctrl+N Next Query • Ctrl+R History ─────────────────────────────╯"
" F1 Help • Shift+Tab Navigate Results • Ctrl+S Snippets • Ctrl+F Search • Ctrl+P/N Cycle History • Ctrl+R History • Ctrl"
