---
source: src/app/app_render_tests/popup_tests.rs
expression: output
---
"╭ Object ───────────────────────────────────────────────────────── L1-3/3 (0%) ╮"
"│{                                                                             │"
"│  "t╭ Keyboard Shortcuts ────────────────────────────────────────────────╮    │"
"│}   │1:Global   2:Input   3:Result   4:History   [5:AI]   6:Search   7:Sn│    │"
"│    │────────────────────────────────────────────────────────────────────│    │"
"│    │  Ctrl+A         Toggle AI assistant                                │    │"
"│    │  Alt+1-5        Apply AI suggestion (direct)                       │    │"
"│    │  Alt+↑↓/j/k     Navigate suggestions                               │    │"
"│    │  Enter          Apply selected suggestion                          │    │"
"│    │                                                                    │    │"
"│    │                                                                    │    │"
"│    │                                                                    │    │"
"│    │                                                                    │    │"
"│    │                                                                    │    │"
"│    │                                                                    │    │"
"│    │                                                                    │    │"
"│    │                                                                    │    │"
"│    │                                                                    │    │"
"│    │                                                                    │    │"
"╰────│                                                                    │────╯"
"╭ Que│       1-7 jump • Tab next • h/l switch • j/k scroll • q close      │ant ╮"
"│    ╰────────────────────────────────────────────────────────────────────╯    │"
"╰──────────────────────────────────────────────────────────────────────────────╯"
" F1 Help • Shift+Tab Navigate Results • Ctrl+S Snippets • Ctrl+F Search • Ctrl+P"
