---
source: src/app/app_render_tests/processing_tests.rs
expression: output
---
"╭⠙ Object ──────────────────────────────────────────────────────── L1-4/4 (0%) ╮"
"│{                                                                             │"
"│  "name": "Alice",                                                            │"
"│  "age": 30                                                                   │"
"│}                                                                             │"
"│                                                                              │"
"│                                                                              │"
"│                                                                              │"
"│                                                                              │"
"│                                                                              │"
"│                                                                              │"
"│                                                                              │"
"│                                                                              │"
"│                                                                              │"
"│                                                                              │"
"│                                                                              │"
"│                                                                              │"
"│                                                                              │"
"│                                                                              │"
"╰──────────────────────────────────────────────────────────────────────────────╯"
"╭ Query [INSERT] ─────────────────────────────── Press Ctrl+A for AI Assistant ╮"
"│.name                                                                         │"
"╰─────────────── [Enter] Output Result • [Ctrl+Q] Output Query ────────────────╯"
" F1 Help • Shift+Tab Navigate Results • Ctrl+S Snippets • Ctrl+F Search • Ctrl+P"
