---
source: src/app/app_render_tests/search_tests.rs
expression: output
---
"╭ Object ───────────────────────────────────────────────────────── L1-4/4 (0%) ╮"
"▌{                                                                             │"
"│  "name": "Alice",                                                            │"
"│  "email": "alice@example.com"                                                │"
"│}                                                                             │"
"│                                                                              │"
"│                                                                              │"
"│                                                                              │"
"│                                                                              │"
"│                                                                              │"
"│                                                                              │"
"│                                                                              │"
"│                                                                              │"
"│                                                                              │"
"│                                                                              │"
"│                                                                              │"
"│                                                                              │"
"│                                                                              │"
"│                                                                              │"
"╰──────────── n/N Next/Prev • Enter Next • Ctrl+F Edit • Esc Close ───   1/2   ╯"
"╭ Search ──────────────────────────────────────────────────────────────────────╮"
"│alice                                                                         │"
"╰──────────────────────────────────────────────────────────────────────────────╯"
" F1/? Help • Esc Close • n/N Next/Prev • Ctrl+F Edit Search • / Edit Search     "
