---
source: src/notification/notification_render_tests.rs
expression: output
---
"                                                                                "
"                                                                                "
"                                                           ╭─────────────────╮  "
"                                                           │ Custom warning! │  "
"                                                           ╰─────────────────╯  "
"                                                                                "
"                                                                                "
"                                                                                "
"                                                                                "
"                                                                                "
"                                                                                "
"                                                                                "
"                                                                                "
"                                                                                "
"                                                                                "
"                                                                                "
"                                                                                "
"                                                                                "
"                                                                                "
"                                                                                "
"                                                                                "
"                                                                                "
"                                                                                "
"                                                                                "
